Reusing configuration cache.
> Task :app:preBuild UP-TO-DATE
> Task :app:checkKotlinGradlePluginConfigurationErrors SKIPPED
> Task :app:preDebugBuild UP-TO-DATE
> Task :app:mergeDebugNativeDebugMetadata NO-SOURCE
> Task :app:generateDebugResValues
> Task :app:desugarDebugFileDependencies
> Task :app:dataBindingMergeDependencyArtifactsDebug
> Task :app:generateDebugBuildConfig
> Task :app:javaPreCompileDebug
> Task :app:mergeDebugShaders
> Task :app:validateSigningDebug
> Task :app:writeDebugSigningConfigVersions
> Task :app:compileDebugShaders NO-SOURCE
> Task :app:createDebugCompatibleScreenManifests
> Task :app:generateDebugAssets UP-TO-DATE
> Task :app:generateDebugResources
> Task :app:writeDebugAppMetadata
> Task :app:mergeDebugJniLibFolders
> Task :app:processDebugGoogleServices
> Task :app:checkDebugAarMetadata
> Task :app:extractDeepLinksDebug
> Task :app:processDebugNavigationResources
> Task :app:compileDebugNavigationResources
> Task :app:mapDebugSourceSetPaths
> Task :app:mergeDebugAssets
> Task :app:checkDebugDuplicateClasses

> Task :app:processDebugMainManifest
[com.google.ai.edge.litert:litert-support:1.0.1] C:\Users\tomin\.gradle\caches\8.13\transforms\9ab462c0b987d834b00d022cd5093f9c\transformed\litert-support-1.0.1\AndroidManifest.xml Warning:
	Namespace 'org.tensorflow.lite.support' is used in multiple modules and/or libraries: com.google.ai.edge.litert:litert-support:1.0.1, com.google.ai.edge.litert:litert-support-api:1.0.1. Please ensure that all modules and libraries have a unique namespace. For more information, See https://developer.android.com/studio/build/configure-app-module#set-namespace

> Task :app:processDebugManifest
> Task :app:mergeLibDexDebug
> Task :app:compressDebugAssets
> Task :app:processDebugManifestForPackage
> Task :app:mergeDebugNativeLibs
> Task :app:packageDebugResources
> Task :app:parseDebugLocalResources

> Task :app:stripDebugDebugSymbols
Unable to strip the following libraries, packaging them as they are: libandroidx.graphics.path.so, libbarhopper_v3.so, libimage_processing_util_jni.so, libtensorflowlite_jni.so. Run with --info option to learn more.

> Task :app:mergeDebugResources
> Task :app:dataBindingGenBaseClassesDebug
> Task :app:processDebugResources

> Task :app:compileDebugKotlin FAILED
.\gradlew : e: file:///C:/Users/tomin/AndroidStudioProjects/MyApplication/app/src/main/java/com/example/myapplication/utils/SamsungHealthManager.kt:44:34 Unresolved reference 'createHealthConnectPermissionIntent'.
At line:1 char:77
+ ... Application" ; .\gradlew clean ; .\gradlew assembleDebug 2>&1 | Out-F ...
+                                      ~~~~~~~~~~~~~~~~~~~~~~~~~~~~
    + CategoryInfo          : NotSpecified: (e: file:///C:/U...missionIntent'.:String) [], RemoteException
    + FullyQualifiedErrorId : NativeCommandError
 

> Task :app:mergeExtDexDebug

FAILURE: Build failed with an exception.

* What went wrong:
Execution failed for task ':app:compileDebugKotlin'.
> A failure occurred while executing org.jetbrains.kotlin.compilerRunner.GradleCompilerRunnerWithWorkers$GradleKotlinCompilerWorkAction
   > Compilation error. See log for more details

* Try:
> Run with --stacktrace option to get the stack trace.
> Run with --info or --debug option to get more log output.
> Run with --scan to get full insights.
> Get more help at https://help.gradle.org.

BUILD FAILED in 5s
34 actionable tasks: 34 executed
Configuration cache entry reused.
