To honour the JVM settings for this build a single-use Daemon process will be forked. For more on this, please refer to https://docs.gradle.org/8.13/userguide/gradle_daemon.html#sec:disabling_the_daemon in the Gradle documentation.
Daemon will be stopped at the end of the build 
Reusing configuration cache.
> Task :app:preBuild UP-TO-DATE
> Task :app:checkKotlinGradlePluginConfigurationErrors SKIPPED
> Task :app:preDebugBuild UP-TO-DATE
> Task :app:mergeDebugNativeDebugMetadata NO-SOURCE
> Task :app:createDebugCompatibleScreenManifests UP-TO-DATE
> Task :app:generateDebugResValues UP-TO-DATE
> Task :app:mergeDebugJniLibFolders UP-TO-DATE
> Task :app:generateDebugBuildConfig UP-TO-DATE
> Task :app:mergeDebugShaders UP-TO-DATE
> Task :app:processDebugGoogleServices UP-TO-DATE
> Task :app:desugarDebugFileDependencies UP-TO-DATE
> Task :app:javaPreCompileDebug UP-TO-DATE
> Task :app:writeDebugSigningConfigVersions UP-TO-DATE
> Task :app:validateSigningDebug UP-TO-DATE
> Task :app:writeDebugAppMetadata UP-TO-DATE
> Task :app:generateDebugResources UP-TO-DATE
> Task :app:extractDeepLinksDebug UP-TO-DATE
> Task :app:compileDebugShaders NO-SOURCE
> Task :app:packageDebugResources UP-TO-DATE
> Task :app:generateDebugAssets UP-TO-DATE
> Task :app:mapDebugSourceSetPaths UP-TO-DATE
> Task :app:mergeDebugResources UP-TO-DATE
> Task :app:processDebugNavigationResources UP-TO-DATE
> Task :app:mergeDebugAssets UP-TO-DATE
> Task :app:checkDebugAarMetadata UP-TO-DATE
> Task :app:compileDebugNavigationResources UP-TO-DATE
> Task :app:compressDebugAssets UP-TO-DATE
> Task :app:mergeDebugNativeLibs UP-TO-DATE
> Task :app:parseDebugLocalResources UP-TO-DATE
> Task :app:checkDebugDuplicateClasses UP-TO-DATE
> Task :app:stripDebugDebugSymbols UP-TO-DATE
> Task :app:dataBindingMergeDependencyArtifactsDebug UP-TO-DATE
> Task :app:mergeLibDexDebug UP-TO-DATE
> Task :app:processDebugMainManifest UP-TO-DATE
> Task :app:processDebugManifest UP-TO-DATE
> Task :app:processDebugManifestForPackage UP-TO-DATE
> Task :app:mergeExtDexDebug UP-TO-DATE
> Task :app:dataBindingGenBaseClassesDebug UP-TO-DATE
> Task :app:processDebugResources UP-TO-DATE

> Task :app:compileDebugKotlin FAILED
.\gradlew : e: file:///C:/Users/tomin/AndroidStudioProjects/MyApplication/app/src/main/java/com/example/myapplication/ui/screens/BodyModuleHomeScreen.kt:56:31 Cannot access 'suspend fun refreshFromPrefs(): Unit': it is private in 'com/example/myapplication/ui/screens/BodyModuleHomeViewModel'.
At line:1 char:58
+ ... plication"; .\gradlew assembleDebug --no-daemon 2>&1 > build_output.l ...
+                 ~~~~~~~~~~~~~~~~~~~~~~~~~~~~~~~~~~~~~~~~~~~~~~~~~~~~~~~~~
    + CategoryInfo          : NotSpecified: (e: file:///C:/U...HomeViewModel'.:String) [], RemoteException
    + FullyQualifiedErrorId : NativeCommandError
 
e: file:///C:/Users/tomin/AndroidStudioProjects/MyApplication/app/src/main/java/com/example/myapplication/ui/screens/WorkoutSessionScreen.kt:384:51 Too many arguments for 'public final fun com/example/myapplication/ui/screens/BodyModuleHomeViewModel.completeWorkoutSession(): kotlin/Unit'.

FAILURE: Build failed with an exception.

* What went wrong:
Execution failed for task ':app:compileDebugKotlin'.
> A failure occurred while executing org.jetbrains.kotlin.compilerRunner.GradleCompilerRunnerWithWorkers$GradleKotlinCompilerWorkAction
   > Compilation error. See log for more details

* Try:
> Run with --stacktrace option to get the stack trace.
> Run with --info or --debug option to get more log output.
> Run with --scan to get full insights.
> Get more help at https://help.gradle.org.

BUILD FAILED in 7s
34 actionable tasks: 1 executed, 33 up-to-date
Configuration cache entry reused.
